[23:12:19] [RCON Listener #1/INFO]: Thread RCON Client /0:0:0:0:0:0:0:1 started
[23:12:19] [Server thread/INFO]: [Rcon: Stopping the server]
[23:12:19] [RCON Client /0:0:0:0:0:0:0:1 #2/INFO]: Thread RCON Client /0:0:0:0:0:0:0:1 shutting down
[23:12:19] [Server thread/INFO]: Stopping server
[23:12:20] [Server thread/INFO]: [Geyser-Spigot] Disabling Geyser-Spigot v2.7.2-SNAPSHOT
[23:12:20] [Server thread/INFO]: [Geyser-Spigot] Shutting down Geyser.
[23:12:20] [Server thread/INFO]: [Geyser-Spigot] Geyser shutdown successfully.
[23:12:20] [Server thread/INFO]: [floodgate] Disabling floodgate v2.2.4-SNAPSHOT (b116-0e3163c)
[23:12:20] [Server thread/INFO]: Saving players
[23:12:20] [Server thread/INFO]: Saving worlds
[23:12:20] [Server thread/INFO]: Saving chunks for level 'ServerLevel[world]'/minecraft:overworld
[23:12:20] [Server thread/INFO]: [ChunkHolderManager] Waiting 60s for chunk system to halt for world 'world'
[23:12:20] [Server thread/INFO]: [ChunkHolderManager] Halted chunk system for world 'world'
[23:12:20] [Server thread/INFO]: [ChunkHolderManager] Saving all chunkholders for world 'world'
[23:12:20] [Server thread/INFO]: [ChunkHolderManager] Saved 0 block chunks, 0 entity chunks, 0 poi chunks in world 'world' in 0.00s
[23:12:20] [Server thread/INFO]: [ChunkHolderManager] Waiting 60s for chunk I/O to halt for world 'world'
[23:12:20] [Server thread/INFO]: [ChunkHolderManager] Halted I/O scheduler for world 'world'
[23:12:20] [WebSocketConnectReadThread-54530/INFO]: [Geyser-Spigot] The skin uploader has been closed
[23:12:20] [Server thread/INFO]: Saving chunks for level 'ServerLevel[world_nether]'/minecraft:the_nether
[23:12:20] [Server thread/INFO]: [ChunkHolderManager] Waiting 60s for chunk system to halt for world 'world_nether'
[23:12:20] [Server thread/INFO]: [ChunkHolderManager] Halted chunk system for world 'world_nether'
[23:12:20] [Server thread/INFO]: [ChunkHolderManager] Saving all chunkholders for world 'world_nether'
[23:12:20] [Server thread/INFO]: [ChunkHolderManager] Saved 0 block chunks, 0 entity chunks, 0 poi chunks in world 'world_nether' in 0.00s
[23:12:20] [Server thread/INFO]: [ChunkHolderManager] Waiting 60s for chunk I/O to halt for world 'world_nether'
[23:12:20] [Server thread/INFO]: [ChunkHolderManager] Halted I/O scheduler for world 'world_nether'
[23:12:20] [Server thread/INFO]: Saving chunks for level 'ServerLevel[world_the_end]'/minecraft:the_end
[23:12:20] [Server thread/INFO]: [ChunkHolderManager] Waiting 60s for chunk system to halt for world 'world_the_end'
[23:12:20] [Server thread/INFO]: [ChunkHolderManager] Halted chunk system for world 'world_the_end'
[23:12:20] [Server thread/INFO]: [ChunkHolderManager] Saving all chunkholders for world 'world_the_end'
[23:12:20] [Server thread/INFO]: [ChunkHolderManager] Saved 0 block chunks, 0 entity chunks, 0 poi chunks in world 'world_the_end' in 0.00s
[23:12:20] [Server thread/INFO]: [ChunkHolderManager] Waiting 60s for chunk I/O to halt for world 'world_the_end'
[23:12:20] [Server thread/INFO]: [ChunkHolderManager] Halted I/O scheduler for world 'world_the_end'
[23:12:20] [Server thread/INFO]: ThreadedAnvilChunkStorage (world): All chunks are saved
[23:12:20] [Server thread/INFO]: ThreadedAnvilChunkStorage (DIM-1): All chunks are saved
[23:12:20] [Server thread/INFO]: ThreadedAnvilChunkStorage (DIM1): All chunks are saved
[23:12:20] [Server thread/INFO]: ThreadedAnvilChunkStorage: All dimensions are saved
[23:12:20] [Server thread/INFO]: Waiting for all RegionFile I/O tasks to complete...
[23:12:20] [Server thread/INFO]: All RegionFile I/O tasks to complete
[23:12:20] [Server thread/INFO]: [MoonriseCommon] Awaiting termination of worker pool for up to 60s...
[23:12:20] [Server thread/INFO]: [MoonriseCommon] Awaiting termination of I/O pool for up to 60s...
